<!DOCTYPE html>
<html>
<head>
    <title>test</title>
    <style>body {
    color: blue;
}</style>
</head>
<body>
</body>
</html>