<!DOCTYPE html>
<html>
<head>
    <title>test</title>
</head>
<body>
    <script>console.log("doh");</script>
    <script>console.log('dont touch me')</script>
</body>
</html>